// Jest Snapshot v1, https://goo.gl/fbAQLP

exports[`App test Should render 1`] = `
<div
  id="main"
  style="margin:100px 10px 50px 50px;"
>
  <ul
    style="list-style:none;"
  >
    <li
      id="101"
      style="text-align:right;padding:5px;margin:2px;max-width:200px;cursor:pointer;"
    >
      <span
        style="text-decoration:line-through;"
      >
        lint with eslint
      </span>
      <a
        data-testid="remove-101"
        href="#"
        style="margin-left:20px;"
      >
        X
      </a>
    </li>
    <li
      id="102"
      style="text-align:right;padding:5px;margin:2px;max-width:200px;cursor:pointer;"
    >
      <span
        style="text-decoration:line-through;"
      >
        format with prettier
      </span>
      <a
        data-testid="remove-102"
        href="#"
        style="margin-left:20px;"
      >
        X
      </a>
    </li>
    <li
      id="103"
      style="text-align:right;padding:5px;margin:2px;max-width:200px;cursor:pointer;"
    >
      <span>
        test with jest
      </span>
      <a
        data-testid="remove-103"
        href="#"
        style="margin-left:20px;"
      >
        X
      </a>
    </li>
    <li
      id="104"
      style="text-align:right;padding:5px;margin:2px;max-width:200px;cursor:pointer;"
    >
      <span>
        hook with huskey and lint-staged
      </span>
      <a
        data-testid="remove-104"
        href="#"
        style="margin-left:20px;"
      >
        X
      </a>
    </li>
  </ul>
  <form>
    <label
      for="todo-description"
    >
      Task: 
    </label>
    <input
      id="todo-description"
      placeholder="Todo description"
      type="text"
      value=""
    />
    <button
      id="add-todo"
      style="margin-left:10px;"
    >
      Add Todo
    </button>
  </form>
</div>
`;
